// Vitest Snapshot v1, https://vitest.dev/guide/snapshot.html

exports[`testing doc snippets > accept-or-reject-transfer.ts 1`] = `undefined`;

exports[`testing doc snippets > allocate-party.ts 1`] = `undefined`;

exports[`testing doc snippets > allocate-party-without-rights.ts 1`] = `undefined`;

exports[`testing doc snippets > can-execute-as-any-party.ts 1`] = `undefined`;

exports[`testing doc snippets > can-read-as-any-party.ts 1`] = `undefined`;

exports[`testing doc snippets > compute-transaction-hash.ts 1`] = `undefined`;

exports[`testing doc snippets > config-template.ts 1`] = `undefined`;

exports[`testing doc snippets > create-key-from-mnenomic-phrase.ts 1`] = `undefined`;

exports[`testing doc snippets > create-key-pair.ts 1`] = `undefined`;

exports[`testing doc snippets > create-new-user.ts 1`] = `undefined`;

exports[`testing doc snippets > create-topology-transactions.ts 1`] = `undefined`;

exports[`testing doc snippets > create-transfer.ts 1`] = `undefined`;

exports[`testing doc snippets > create-transfer-command.ts 1`] = `undefined`;

exports[`testing doc snippets > create-transfer-command-full.ts 1`] = `undefined`;

exports[`testing doc snippets > create-transfer-preapproval.ts 1`] = `undefined`;

exports[`testing doc snippets > decode-transaction.ts 1`] = `undefined`;

exports[`testing doc snippets > execute-transaction.ts 1`] = `undefined`;

exports[`testing doc snippets > generate-fingerprint.ts 1`] = `undefined`;

exports[`testing doc snippets > ledger.ts 1`] = `undefined`;

exports[`testing doc snippets > list-holdings.ts 1`] = `undefined`;

exports[`testing doc snippets > list-wallets.ts 1`] = `undefined`;

exports[`testing doc snippets > monitor-transaction-holdings.ts 1`] = `undefined`;

exports[`testing doc snippets > party.ts 1`] = `undefined`;

exports[`testing doc snippets > plugin.ts 1`] = `undefined`;

exports[`testing doc snippets > prepare-incoming-command.ts 1`] = `undefined`;

exports[`testing doc snippets > prepare-transfer-transaction.ts 1`] = `undefined`;

exports[`testing doc snippets > read-active-contracts.ts 1`] = `undefined`;

exports[`testing doc snippets > read-pending-transfer-instructions.ts 1`] = `undefined`;

exports[`testing doc snippets > sign-transaction-hash.ts 1`] = `undefined`;

exports[`testing doc snippets > submit-signed-topology-transaction.ts 1`] = `undefined`;

exports[`testing doc snippets > tap-coins.ts 1`] = `undefined`;

exports[`testing doc snippets > token.ts 1`] = `undefined`;

exports[`testing doc snippets > token-extended.ts 1`] = `undefined`;

exports[`testing doc snippets > transaction-update-by-id.ts 1`] = `undefined`;

exports[`testing doc snippets > user.ts 1`] = `undefined`;

exports[`testing doc snippets > withdraw-transfer-instruction.ts 1`] = `undefined`;
